====================================================================================================
|                              Starting Pipeline at 2014-12-05 10:40                               |
====================================================================================================

======================================== Stage hello [bar] =========================================

======================================== Stage hello [foo] =========================================

======================================== Stage hello [tree] ========================================
>>>>>> Using resource foo <<<<<<
<<<<<< End using resource foo >>>>
>>>>>> Using resource bar <<<<<<
<<<<<< End using resource bar >>>>
>>>>>> Using resource tree <<<<<<
<<<<<< End using resource tree >>>>

======================================== Pipeline Finished =========================================
10:40:23 MSG:  Finished at Fri Dec 05 10:40:23 GMT 2014
