====================================================================================================
|                              Starting Pipeline at 2014-12-05 10:42                               |
====================================================================================================

======================================== Stage hello [foo] =========================================

======================================== Stage hello [bar] =========================================
Hello
World
Hello
World

======================================== Pipeline Finished =========================================
10:42:12 MSG:  Finished at Fri Dec 05 10:42:12 GMT 2014
