====================================================================================================
|                              Starting Pipeline at 2014-12-05 10:37                               |
====================================================================================================

=========================================== Stage hello ============================================

=========================================== Stage world ============================================

======================================== Pipeline Finished =========================================
MSG: Generated report /lustre/scratch112/sanger/cgppipe/canPipe/software/bpipe_git/tests/from/doc/index.html
10:37:35 MSG:  Finished at Fri Dec 05 10:37:35 GMT 2014
10:37:36 MSG:  Outputs are: 
		test.csv.world
		test.txt.hello
