====================================================================================================
|                              Starting Pipeline at 2014-12-05 10:34                               |
====================================================================================================

=========================================== Stage hello ============================================
world

======================================== Pipeline Finished =========================================
MSG: Generated report /lustre/scratch112/sanger/cgppipe/canPipe/software/bpipe_git/tests/backtick/doc/index.html
10:35:00 MSG:  Finished at Fri Dec 05 10:35:00 GMT 2014
