====================================================================================================
|                              Starting Pipeline at 2014-12-05 10:43                               |
====================================================================================================

=========================================== Stage hello ============================================
MSG: Generated report /lustre/scratch112/sanger/cgppipe/canPipe/software/bpipe_git/tests/send_to_file/.bpipe/reports/28840/51383.template.txt

======================================== Pipeline Finished =========================================
10:43:18 MSG:  Finished at Fri Dec 05 10:43:18 GMT 2014
