====================================================================================================
|                              Starting Pipeline at 2014-12-05 10:41                               |
====================================================================================================

=========================================== Stage hello ============================================

======================================== Pipeline Finished =========================================
10:41:07 MSG:  Finished at Fri Dec 05 10:41:07 GMT 2014
10:41:07 MSG:  Output is testoutput/hello1.txt (pre-existing)
