====================================================================================================
|                              Starting Pipeline at 2014-12-05 10:39                               |
====================================================================================================

=========================================== Stage hello ============================================

========================================= Stage world [1] ==========================================

========================================= Stage world2 [2] =========================================

============================================ Stage end =============================================

======================================== Pipeline Finished =========================================
MSG: Generated report /lustre/scratch112/sanger/cgppipe/canPipe/software/bpipe_git/tests/parallel/doc/index.html
10:39:15 MSG:  Finished at Fri Dec 05 10:39:15 GMT 2014
10:39:15 MSG:  Output is test.txt.hello.world.end
