====================================================================================================
|                              Starting Pipeline at 2014-12-05 10:47                               |
====================================================================================================

======================================== Stage testforward =========================================

========================================= Stage echoInput ==========================================
myinput.txt.testforward
myinput.txt

========================================= Stage echoAgain ==========================================

============================================ Stage end =============================================
This is the end: myinput.txt.testforward.echoAgain

======================================== Pipeline Finished =========================================
MSG: Generated report /lustre/scratch112/sanger/cgppipe/canPipe/software/bpipe_git/tests/forward_multi/doc/index.html
10:47:23 MSG:  Finished at Fri Dec 05 10:47:23 GMT 2014
10:47:24 MSG:  Output is myinput.txt.testforward.echoAgain
