====================================================================================================
|                              Starting Pipeline at 2014-12-05 10:34                               |
====================================================================================================

=========================================== Stage hello ============================================

=========================================== Stage world ============================================

======================================== Pipeline Finished =========================================
MSG: Generated report /lustre/scratch112/sanger/cgppipe/canPipe/software/bpipe_git/tests/produce/doc/index.html
10:34:14 MSG:  Finished at Fri Dec 05 10:34:14 GMT 2014
10:34:15 MSG:  Output is test.out_2
