====================================================================================================
|                              Starting Pipeline at 2014-12-05 10:46                               |
====================================================================================================

=========================================== Stage hello ============================================

=========================================== Stage world ============================================

======================================== Pipeline Finished =========================================
MSG: Generated report /lustre/scratch112/sanger/cgppipe/canPipe/software/bpipe_git/tests/filter_annot_with_diff_input/doc/index.html
10:46:11 MSG:  Finished at Fri Dec 05 10:46:11 GMT 2014
10:46:12 MSG:  Outputs are: 
		test.hello.csv
		test.wow.xml
