====================================================================================================
|                              Starting Pipeline at 2014-12-05 10:33                               |
====================================================================================================

========================================= Stage align_bwa ==========================================
execute multi1
execute cat

======================================== Pipeline Finished =========================================
MSG: Generated report /lustre/scratch112/sanger/cgppipe/canPipe/software/bpipe_git/tests/multi_deps/doc/index.html
10:33:38 MSG:  Skipping command echo 'execute multi2'; gunzip ... due to inferred outputs [test2.sai] newer than inputs [test1.gz, test2.gz]
10:33:40 MSG:  Finished at Fri Dec 05 10:33:40 GMT 2014
10:33:41 MSG:  Outputs are: 
		test1.sai
		test1.bam
		test2.sai (pre-existing)
