====================================================================================================
|                              Starting Pipeline at 2014-12-05 10:45                               |
====================================================================================================

======================================= Stage hello [test2] ========================================

======================================== Stage help [test2] ========================================

======================================= Stage hello [test1] ========================================

======================================== Stage help [test1] ========================================

======================================= Stage there [test1] ========================================

========================================= Stage me [test1] =========================================

======================================= Stage there [test2] ========================================

========================================= Stage me [test2] =========================================

=========================================== Stage world ============================================

======================================== Pipeline Finished =========================================
MSG: Generated report /lustre/scratch112/sanger/cgppipe/canPipe/software/bpipe_git/tests/parallel_parallel/doc/index.html
10:45:48 MSG:  Finished at Fri Dec 05 10:45:48 GMT 2014
10:45:48 MSG:  Outputs are: 
		test2.csv.there.xls
		test1.csv.there.xls
		test2.txt.me.xml
		test1.txt.me.xml
