====================================================================================================
|                              Starting Pipeline at 2014-12-05 10:46                               |
====================================================================================================

========================================== Stage hello_a ===========================================

======================================== Stage hello_c [*] =========================================

======================================== Stage hello_b [*] =========================================

======================================== Stage hello_d [1] =========================================

======================================== Stage hello_e [2] =========================================

======================================== Pipeline Finished =========================================
MSG: Generated report /lustre/scratch112/sanger/cgppipe/canPipe/software/bpipe_git/tests/consecutive_parallel/doc/index.html
10:47:01 MSG:  Finished at Fri Dec 05 10:47:01 GMT 2014
10:47:02 MSG:  Outputs are: 
		hello_b.txt
		hello_c.txt
