====================================================================================================
|                              Starting Pipeline at 2014-12-05 10:46                               |
====================================================================================================

=========================================== Stage hello ============================================

=========================================== Stage world ============================================
Inputs are test.csv test1.xml test2.xml test3.xml

======================================== Pipeline Finished =========================================
MSG: Generated report /lustre/scratch112/sanger/cgppipe/canPipe/software/bpipe_git/tests/produce_glob/doc/index.html
10:46:52 MSG:  Finished at Fri Dec 05 10:46:52 GMT 2014
10:46:53 MSG:  Outputs are: 
		test3.xml (pre-existing)
		test.csv (pre-existing)
		test1.xml (pre-existing)
		test2.xml (pre-existing)
