====================================================================================================
|                              Starting Pipeline at 2014-12-05 10:43                               |
====================================================================================================

=========================================== Stage hello ============================================

======================================== Pipeline Finished =========================================
MSG: Generated report /lustre/scratch112/sanger/cgppipe/canPipe/software/bpipe_git/tests/input_ext_with_number/doc/index.html
10:43:20 MSG:  Finished at Fri Dec 05 10:43:20 GMT 2014
10:43:20 MSG:  Output is test1.hello.xml
