====================================================================================================
|                              Starting Pipeline at 2014-12-05 10:41                               |
====================================================================================================

=========================================== Stage hello ============================================
Cleaned up file test.hello.csv to .bpipe/trash/test.hello.csv
Pipeline failed! (2) 

Command failed with exit status = 1 : 

cp test.txt test.hello.csv ; false


======================================== Pipeline Finished =========================================
MSG: Generated report /lustre/scratch112/sanger/cgppipe/canPipe/software/bpipe_git/tests/cleanup_output_from_ext/doc/index.html
