====================================================================================================
|                              Starting Pipeline at 2014-12-05 10:43                               |
====================================================================================================

=========================================== Stage hello ============================================

=========================================== Stage world ============================================

======================================== Pipeline Finished =========================================
MSG: Generated report /lustre/scratch112/sanger/cgppipe/canPipe/software/bpipe_git/tests/transform_to/doc/index.html
10:43:27 MSG:  Finished at Fri Dec 05 10:43:27 GMT 2014
10:43:27 MSG:  Outputs are: 
		test1_fastqc.zip
		test.tsv
		test2_fastqc.zip
