====================================================================================================
|                              Starting Pipeline at 2014-12-05 10:42                               |
====================================================================================================

========================================= Stage align [1] ==========================================

========================================= Stage align [2] ==========================================

========================================= Stage align [3] ==========================================

========================================= Stage dedupe [3] =========================================

========================================= Stage dedupe [1] =========================================

========================================= Stage dedupe [2] =========================================

======================================== Pipeline Finished =========================================
MSG: Generated report /lustre/scratch112/sanger/cgppipe/canPipe/software/bpipe_git/tests/persamplefrom/doc/index.html
10:42:51 MSG:  Finished at Fri Dec 05 10:42:51 GMT 2014
10:42:52 MSG:  Outputs are: 
		s_2_1.txt.align
		s_3_1.txt.align
		s_1_1.txt.align
		s_2_1.foo.txt
		s_3_1.foo.txt
		... 1 more ...
