====================================================================================================
|                              Starting Pipeline at 2014-12-05 10:33                               |
====================================================================================================

=========================================== Stage hello ============================================
hello mars

======================================== Pipeline Finished =========================================
10:33:45 MSG:  Finished at Fri Dec 05 10:33:45 GMT 2014
