====================================================================================================
|                              Starting Pipeline at 2014-12-05 10:36                               |
====================================================================================================

======================================== Stage hello [test] ========================================

======================================== Stage there [test] ========================================

========================================= Stage world [1] ==========================================

========================================== Stage mars [2] ==========================================

======================================== Pipeline Finished =========================================
MSG: Generated report /lustre/scratch112/sanger/cgppipe/canPipe/software/bpipe_git/tests/from_downstream_in_parallel/doc/index.html
10:37:00 MSG:  Finished at Fri Dec 05 10:37:00 GMT 2014
10:37:01 MSG:  Outputs are: 
		test.xml
		test.csv.mars
		test.csv.world
