====================================================================================================
|                              Starting Pipeline at 2014-12-05 10:35                               |
====================================================================================================

=========================================== Stage align ============================================

======================================== Pipeline Finished =========================================
MSG: Generated report /lustre/scratch112/sanger/cgppipe/canPipe/software/bpipe_git/tests/output_input_not_same/doc/index.html
10:35:31 MSG:  Finished at Fri Dec 05 10:35:31 GMT 2014
10:35:31 MSG:  Output is test.align.bam
