====================================================================================================
|                              Starting Pipeline at 2014-12-05 10:45                               |
====================================================================================================

=========================================== Stage hello ============================================

=========================================== Stage world ============================================

======================================== Pipeline Finished =========================================
MSG: Generated report /lustre/scratch112/sanger/cgppipe/canPipe/software/bpipe_git/tests/preserve_multi/doc/index.html
10:45:51 MSG:  Finished at Fri Dec 05 10:45:51 GMT 2014
10:45:52 MSG:  Outputs are: 
		test.hello.world.xls
		test.hello.world.tsv
