====================================================================================================
|                              Starting Pipeline at 2014-12-05 10:33                               |
====================================================================================================

============================================ Stage init ============================================

=========================================== Stage hello ============================================

=========================================== Stage there ============================================

=========================================== Stage world ============================================

============================================ Stage body ============================================

============================================ Stage fail ============================================
Pipeline failed! (2) 

Command failed with exit status = 1 : 

false


======================================== Pipeline Finished =========================================
MSG: Generated report /lustre/scratch112/sanger/cgppipe/canPipe/software/bpipe_git/tests/withconfig/doc/index.html
