====================================================================================================
|                              Starting Pipeline at 2014-12-05 10:35                               |
====================================================================================================

======================================= Stage hello [test2] ========================================

======================================== Stage hello [test] ========================================

======================================= Stage there [test2] ========================================

======================================== Stage there [test] ========================================

=========================================== Stage world ============================================

======================================== Pipeline Finished =========================================
MSG: Generated report /lustre/scratch112/sanger/cgppipe/canPipe/software/bpipe_git/tests/output_from_prior_nested_stage/doc/index.html
10:35:27 MSG:  Finished at Fri Dec 05 10:35:27 GMT 2014
10:35:28 MSG:  Outputs are: 
		test2.hello.there.xml
		test.hello.world.txt
		test.hello.there.xml
