====================================================================================================
|                              Starting Pipeline at 2014-12-05 10:35                               |
====================================================================================================

=========================================== Stage hello ============================================

=========================================== Stage world ============================================

======================================== Pipeline Finished =========================================
MSG: Generated report /lustre/scratch112/sanger/cgppipe/canPipe/software/bpipe_git/tests/inputextmulti/doc/index.html
10:35:13 MSG:  Finished at Fri Dec 05 10:35:13 GMT 2014
10:35:13 MSG:  Output is foo.txt.world
