====================================================================================================
|                              Starting Pipeline at 2014-12-05 10:38                               |
====================================================================================================

=========================================== Stage hello ============================================
Executing check ...
Fri Dec 05 10:38:05 GMT 2014 MSG: Branch  completed: The output file had zero length

======================================== Pipeline Finished =========================================

WARNING: 1 check(s) failed. Use 'bpipe checks' to see details.

10:38:05 MSG:  Finished at Fri Dec 05 10:38:05 GMT 2014
