====================================================================================================
|                              Starting Pipeline at 2014-12-05 10:41                               |
====================================================================================================

======================================== Stage child_stage =========================================
child stage

======================================== Pipeline Finished =========================================
MSG: Generated report /lustre/scratch112/sanger/cgppipe/canPipe/software/bpipe_git/tests/load/doc/index.html
10:41:36 MSG:  Finished at Fri Dec 05 10:41:36 GMT 2014
