====================================================================================================
|                              Starting Pipeline at 2014-12-05 10:47                               |
====================================================================================================

=========================================== Stage hello ============================================

======================================== Pipeline Finished =========================================
MSG: Generated report /lustre/scratch112/sanger/cgppipe/canPipe/software/bpipe_git/tests/outputdir_exttx/doc/index.html
10:47:43 MSG:  Finished at Fri Dec 05 10:47:43 GMT 2014
10:47:44 MSG:  Output is out/test.csv
