====================================================================================================
|                              Starting Pipeline at 2014-12-05 10:36                               |
====================================================================================================

========================================= Stage hello [44] =========================================

========================================= Stage hello [22] =========================================

========================================= Stage hello [32] =========================================

========================================= Stage hello [34] =========================================

========================================= Stage hello [66] =========================================

========================================= Stage hello [38] =========================================

========================================= Stage hello [51] =========================================

========================================= Stage hello [33] =========================================

========================================= Stage hello [58] =========================================

========================================= Stage hello [14] =========================================

========================================= Stage hello [13] =========================================

========================================= Stage hello [39] =========================================

========================================= Stage hello [47] =========================================

========================================= Stage hello [15] =========================================

========================================= Stage hello [97] =========================================

========================================= Stage hello [69] =========================================

========================================= Stage hello [2] ==========================================

========================================= Stage hello [1] ==========================================

========================================= Stage hello [40] =========================================

========================================= Stage hello [50] =========================================

========================================= Stage hello [46] =========================================

========================================= Stage hello [11] =========================================

========================================= Stage hello [94] =========================================

========================================= Stage hello [35] =========================================

========================================= Stage hello [77] =========================================

========================================= Stage hello [80] =========================================

========================================= Stage hello [72] =========================================

========================================= Stage hello [57] =========================================

========================================= Stage hello [31] =========================================

========================================= Stage hello [71] =========================================

========================================= Stage hello [17] =========================================

========================================= Stage hello [86] =========================================

========================================= Stage hello [53] =========================================

========================================= Stage hello [4] ==========================================

========================================= Stage hello [48] =========================================

========================================= Stage hello [52] =========================================

========================================= Stage hello [92] =========================================

========================================= Stage hello [8] ==========================================

========================================= Stage hello [65] =========================================

========================================= Stage hello [85] =========================================

========================================= Stage hello [95] =========================================

========================================= Stage hello [36] =========================================

========================================= Stage hello [60] =========================================

========================================= Stage hello [63] =========================================

========================================= Stage hello [23] =========================================

========================================= Stage hello [20] =========================================

========================================= Stage hello [87] =========================================

========================================= Stage hello [83] =========================================

========================================= Stage hello [30] =========================================

========================================= Stage hello [73] =========================================

========================================= Stage hello [84] =========================================

========================================= Stage hello [82] =========================================

========================================= Stage hello [5] ==========================================

========================================= Stage hello [59] =========================================

========================================= Stage hello [62] =========================================

========================================= Stage hello [90] =========================================

========================================= Stage hello [89] =========================================

========================================= Stage hello [24] =========================================

========================================= Stage hello [42] =========================================

========================================= Stage hello [88] =========================================

========================================= Stage hello [27] =========================================

========================================= Stage hello [19] =========================================

========================================= Stage hello [29] =========================================

======================================== Stage hello [100] =========================================

========================================= Stage hello [98] =========================================

========================================= Stage hello [18] =========================================

========================================= Stage hello [10] =========================================

========================================= Stage hello [67] =========================================

========================================= Stage hello [21] =========================================

========================================= Stage hello [7] ==========================================

========================================= Stage hello [49] =========================================

========================================= Stage hello [43] =========================================

========================================= Stage hello [12] =========================================

========================================= Stage hello [99] =========================================

========================================= Stage hello [93] =========================================

========================================= Stage hello [55] =========================================

========================================= Stage hello [79] =========================================

========================================= Stage hello [25] =========================================

========================================= Stage hello [54] =========================================

========================================= Stage hello [16] =========================================

========================================= Stage hello [70] =========================================

========================================= Stage hello [41] =========================================

========================================= Stage hello [81] =========================================

========================================= Stage hello [74] =========================================

========================================= Stage hello [76] =========================================

========================================= Stage hello [9] ==========================================

========================================= Stage hello [91] =========================================

========================================= Stage hello [56] =========================================

========================================= Stage hello [96] =========================================

========================================= Stage hello [75] =========================================

========================================= Stage hello [45] =========================================

========================================= Stage hello [28] =========================================

========================================= Stage hello [64] =========================================

========================================= Stage hello [37] =========================================

========================================= Stage hello [68] =========================================

========================================= Stage hello [6] ==========================================

========================================= Stage hello [3] ==========================================

========================================= Stage hello [78] =========================================

========================================= Stage hello [61] =========================================

========================================= Stage hello [26] =========================================

========================================= Stage world2 [2] =========================================

========================================= Stage world [1] ==========================================

========================================= Stage world2 [2] =========================================

========================================= Stage world2 [2] =========================================

========================================= Stage world [1] ==========================================

========================================= Stage world [1] ==========================================

========================================= Stage world [1] ==========================================

========================================= Stage world [1] ==========================================

========================================= Stage world [1] ==========================================

========================================= Stage world2 [2] =========================================

========================================= Stage world2 [2] =========================================

========================================= Stage world [1] ==========================================

========================================= Stage world2 [2] =========================================

========================================= Stage world2 [2] =========================================

========================================= Stage world2 [2] =========================================

========================================= Stage world [1] ==========================================

========================================= Stage world [1] ==========================================

========================================= Stage world2 [2] =========================================

========================================= Stage world [1] ==========================================

========================================= Stage world [1] ==========================================

========================================= Stage world2 [2] =========================================

========================================= Stage world2 [2] =========================================

========================================= Stage world [1] ==========================================

========================================= Stage world [1] ==========================================

========================================= Stage world [1] ==========================================

========================================= Stage world2 [2] =========================================

========================================= Stage world2 [2] =========================================

========================================= Stage world [1] ==========================================

========================================= Stage world [1] ==========================================

========================================= Stage world2 [2] =========================================

========================================= Stage world2 [2] =========================================

========================================= Stage world2 [2] =========================================

========================================= Stage world [1] ==========================================

========================================= Stage world2 [2] =========================================

========================================= Stage world [1] ==========================================

========================================= Stage world [1] ==========================================

========================================= Stage world2 [2] =========================================

========================================= Stage world [1] ==========================================

========================================= Stage world [1] ==========================================

========================================= Stage world2 [2] =========================================

========================================= Stage world [1] ==========================================

========================================= Stage world2 [2] =========================================

========================================= Stage world2 [2] =========================================

========================================= Stage world [1] ==========================================

========================================= Stage world2 [2] =========================================

========================================= Stage world [1] ==========================================

========================================= Stage world [1] ==========================================

========================================= Stage world2 [2] =========================================

========================================= Stage world [1] ==========================================

========================================= Stage world [1] ==========================================

========================================= Stage world2 [2] =========================================

========================================= Stage world2 [2] =========================================

========================================= Stage world2 [2] =========================================

========================================= Stage world2 [2] =========================================

========================================= Stage world2 [2] =========================================

========================================= Stage world2 [2] =========================================

========================================= Stage world [1] ==========================================

========================================= Stage world [1] ==========================================

========================================= Stage world2 [2] =========================================

========================================= Stage world2 [2] =========================================

========================================= Stage world [1] ==========================================

========================================= Stage world2 [2] =========================================

========================================= Stage world [1] ==========================================

========================================= Stage world [1] ==========================================

========================================= Stage world [1] ==========================================

========================================= Stage world2 [2] =========================================

========================================= Stage world2 [2] =========================================

========================================= Stage world [1] ==========================================

========================================= Stage world2 [2] =========================================

========================================= Stage world [1] ==========================================

========================================= Stage world2 [2] =========================================

========================================= Stage world [1] ==========================================

========================================= Stage world [1] ==========================================

========================================= Stage world [1] ==========================================

========================================= Stage world [1] ==========================================

========================================= Stage world [1] ==========================================

========================================= Stage world2 [2] =========================================

========================================= Stage world2 [2] =========================================

========================================= Stage world2 [2] =========================================

========================================= Stage world2 [2] =========================================

========================================= Stage world [1] ==========================================

========================================= Stage world [1] ==========================================

========================================= Stage world [1] ==========================================

========================================= Stage world2 [2] =========================================

========================================= Stage world2 [2] =========================================

========================================= Stage world [1] ==========================================

========================================= Stage world2 [2] =========================================

========================================= Stage world2 [2] =========================================

========================================= Stage world [1] ==========================================

========================================= Stage world [1] ==========================================

========================================= Stage world2 [2] =========================================

========================================= Stage world [1] ==========================================

========================================= Stage world [1] ==========================================

========================================= Stage world2 [2] =========================================

========================================= Stage world2 [2] =========================================

========================================= Stage world [1] ==========================================

========================================= Stage world2 [2] =========================================

========================================= Stage world [1] ==========================================

========================================= Stage world [1] ==========================================

========================================= Stage world [1] ==========================================

========================================= Stage world2 [2] =========================================

========================================= Stage world2 [2] =========================================

========================================= Stage world2 [2] =========================================

========================================= Stage world2 [2] =========================================

========================================= Stage world2 [2] =========================================

========================================= Stage world2 [2] =========================================

========================================= Stage world [1] ==========================================

========================================= Stage world [1] ==========================================

========================================= Stage world2 [2] =========================================

========================================= Stage world [1] ==========================================

========================================= Stage world [1] ==========================================

========================================= Stage world [1] ==========================================

========================================= Stage world [1] ==========================================

========================================= Stage world2 [2] =========================================

========================================= Stage world2 [2] =========================================

========================================= Stage world [1] ==========================================

========================================= Stage world2 [2] =========================================

========================================= Stage world2 [2] =========================================

========================================= Stage world2 [2] =========================================

========================================= Stage world2 [2] =========================================

========================================= Stage world [1] ==========================================

========================================= Stage world2 [2] =========================================

========================================= Stage world [1] ==========================================

========================================= Stage world [1] ==========================================

========================================= Stage world2 [2] =========================================

========================================= Stage world [1] ==========================================

========================================= Stage world2 [2] =========================================

========================================= Stage world [1] ==========================================

========================================= Stage world2 [2] =========================================

========================================= Stage world [1] ==========================================

========================================= Stage world [1] ==========================================

========================================= Stage world2 [2] =========================================

========================================= Stage world [1] ==========================================

========================================= Stage world2 [2] =========================================

========================================= Stage world [1] ==========================================

========================================= Stage world2 [2] =========================================

========================================= Stage world [1] ==========================================

========================================= Stage world2 [2] =========================================

========================================= Stage world2 [2] =========================================

========================================= Stage world [1] ==========================================

========================================= Stage world [1] ==========================================

========================================= Stage world2 [2] =========================================

========================================= Stage world [1] ==========================================

========================================= Stage world2 [2] =========================================

========================================= Stage world2 [2] =========================================

========================================= Stage world2 [2] =========================================

========================================= Stage world2 [2] =========================================

========================================= Stage world [1] ==========================================

========================================= Stage world2 [2] =========================================

========================================= Stage world2 [2] =========================================

========================================= Stage world2 [2] =========================================

========================================= Stage world [1] ==========================================

========================================= Stage world [1] ==========================================

========================================= Stage world [1] ==========================================

========================================= Stage world2 [2] =========================================

========================================= Stage world [1] ==========================================

========================================= Stage world [1] ==========================================

========================================= Stage world [1] ==========================================

========================================= Stage world2 [2] =========================================

========================================= Stage world2 [2] =========================================

========================================= Stage world2 [2] =========================================

========================================= Stage world [1] ==========================================

========================================= Stage world [1] ==========================================

========================================= Stage world [1] ==========================================

========================================= Stage world [1] ==========================================

========================================= Stage world2 [2] =========================================

========================================= Stage world [1] ==========================================

========================================= Stage world2 [2] =========================================

========================================= Stage world2 [2] =========================================

========================================= Stage world2 [2] =========================================

========================================= Stage world [1] ==========================================

========================================= Stage world [1] ==========================================

========================================= Stage world [1] ==========================================

========================================= Stage world2 [2] =========================================

========================================= Stage world [1] ==========================================

========================================= Stage world2 [2] =========================================

========================================= Stage world [1] ==========================================

========================================= Stage world [1] ==========================================

========================================= Stage world2 [2] =========================================

========================================= Stage world2 [2] =========================================

========================================= Stage world [1] ==========================================

========================================= Stage world2 [2] =========================================

========================================= Stage world [1] ==========================================

========================================= Stage world [1] ==========================================

========================================= Stage world2 [2] =========================================

========================================= Stage world2 [2] =========================================

========================================= Stage world [1] ==========================================

========================================= Stage world2 [2] =========================================

========================================= Stage world2 [2] =========================================

========================================= Stage world [1] ==========================================

========================================= Stage world2 [2] =========================================

========================================= Stage world [1] ==========================================

========================================= Stage world [1] ==========================================

========================================= Stage world [1] ==========================================

========================================= Stage world2 [2] =========================================

========================================= Stage world2 [2] =========================================

========================================= Stage world2 [2] =========================================

========================================= Stage world [1] ==========================================

========================================= Stage world [1] ==========================================

========================================= Stage world2 [2] =========================================

============================================ Stage end =============================================

======================================== Pipeline Finished =========================================
MSG: Generated report /lustre/scratch112/sanger/cgppipe/canPipe/software/bpipe_git/tests/huge_nested_parallel/doc/index.html
10:36:26 MSG:  Finished at Fri Dec 05 10:36:26 GMT 2014
10:36:30 MSG:  Output is input_100.txt.hello.world.end
