====================================================================================================
|                              Starting Pipeline at 2014-12-05 10:45                               |
====================================================================================================

========================================= Stage vcf_to_bed =========================================

====================================== Stage extract_bam_bed =======================================

======================================== Pipeline Finished =========================================
MSG: Generated report /lustre/scratch112/sanger/cgppipe/canPipe/software/bpipe_git/tests/filter_output_second_input/doc/index.html
10:45:40 MSG:  Finished at Fri Dec 05 10:45:40 GMT 2014
10:45:40 MSG:  Output is /lustre/scratch112/sanger/cgppipe/canPipe/software/bpipe_git/tests/filter_output_second_input/test.extract.bam
