====================================================================================================
|                              Starting Pipeline at 2014-12-05 10:39                               |
====================================================================================================

=========================================== Stage hello ============================================

======================================== Pipeline Finished =========================================
MSG: Generated report /lustre/scratch112/sanger/cgppipe/canPipe/software/bpipe_git/tests/double_input_ext/doc/index.html
10:39:02 MSG:  Finished at Fri Dec 05 10:39:02 GMT 2014
10:39:02 MSG:  Output is test.foo.hello.csv
