====================================================================================================
|                              Starting Pipeline at 2014-12-05 10:47                               |
====================================================================================================

=========================================== Stage hello ============================================
Hello

========================================= Stage other [*] ==========================================

========================================== Stage more [*] ==========================================
other
more

=========================================== Stage world ============================================
World

======================================== Pipeline Finished =========================================
MSG: Generated report /lustre/scratch112/sanger/cgppipe/canPipe/software/bpipe_git/tests/middle_parallel_no_inputs/doc/index.html
10:47:33 MSG:  Finished at Fri Dec 05 10:47:33 GMT 2014
