====================================================================================================
|                              Starting Pipeline at 2014-12-05 10:41                               |
====================================================================================================

===================================== Stage annotate_test [15] =====================================

===================================== Stage annotate_test [14] =====================================

================================ Stage create_variant_bam_test [15] ================================

================================ Stage create_variant_bam_test [14] ================================
bamFile = MUW09_C0R8HACXX_ATCACG_L001_R1.fastq.merge.dedupe.merge.reorder.rg.recal.chr15.realign.bam
bamFile = MUW09_C0R8HACXX_ATCACG_L001_R1.fastq.merge.dedupe.merge.reorder.rg.recal.chr14.realign.bam

======================================== Pipeline Finished =========================================
MSG: Generated report /lustre/scratch112/sanger/cgppipe/canPipe/software/bpipe_git/tests/parallel_input_ext_original_inputs/doc/index.html
10:41:24 MSG:  Finished at Fri Dec 05 10:41:24 GMT 2014
10:41:24 MSG:  Output is hello.txt
