====================================================================================================
|                              Starting Pipeline at 2014-12-05 10:39                               |
====================================================================================================

========================================= Stage stage_one ==========================================

========================================== Stage stage_23 ==========================================

======================================== Pipeline Finished =========================================
MSG: Generated report /lustre/scratch112/sanger/cgppipe/canPipe/software/bpipe_git/tests/branch_variable_output/doc/index.html
10:39:18 MSG:  Finished at Fri Dec 05 10:39:18 GMT 2014
10:39:19 MSG:  Output is stage_one.stage_23.vcf
