====================================================================================================
|                              Starting Pipeline at 2014-12-05 10:39                               |
====================================================================================================

=========================================== Stage hello ============================================

=========================================== Stage world ============================================

=========================================== Stage there ============================================

======================================== Pipeline Finished =========================================
MSG: Generated report /lustre/scratch112/sanger/cgppipe/canPipe/software/bpipe_git/tests/implicitmultioutput/doc/index.html
10:39:53 MSG:  Finished at Fri Dec 05 10:39:53 GMT 2014
10:39:54 MSG:  Output is test.txt.hello.world.2.there
