====================================================================================================
|                              Starting Pipeline at 2014-12-05 10:46                               |
====================================================================================================

=========================================== Stage hello ============================================

=========================================== Stage there ============================================

=========================================== Stage world ============================================

======================================== Pipeline Finished =========================================
MSG: Generated report /lustre/scratch112/sanger/cgppipe/canPipe/software/bpipe_git/tests/transform_multiple_ext_match/doc/index.html
10:46:30 MSG:  Finished at Fri Dec 05 10:46:30 GMT 2014
10:46:31 MSG:  Outputs are: 
		fubar.csv
		hello.there.txt
