====================================================================================================
|                              Starting Pipeline at 2014-12-05 10:37                               |
====================================================================================================

=========================================== Stage hello ============================================

======================================== Pipeline Finished =========================================
MSG: Generated report /lustre/scratch112/sanger/cgppipe/canPipe/software/bpipe_git/tests/produce_glob_regex/doc/index.html
10:37:26 MSG:  Finished at Fri Dec 05 10:37:26 GMT 2014
10:37:26 MSG:  Output is ./hello4_world.xml
