====================================================================================================
|                              Starting Pipeline at 2014-12-05 10:41                               |
====================================================================================================

=========================================== Stage hello ============================================
foo = cat

=========================================== Stage hello ============================================
foo = tree

============================================ Stage bar =============================================
foo = fubar

======================================== Pipeline Finished =========================================
MSG: Generated report /lustre/scratch112/sanger/cgppipe/canPipe/software/bpipe_git/tests/param/doc/index.html
10:41:15 MSG:  Finished at Fri Dec 05 10:41:15 GMT 2014
