====================================================================================================
|                              Starting Pipeline at 2014-12-05 10:37                               |
====================================================================================================

========================================= Stage hello [1] ==========================================

========================================= Stage hello [1] ==========================================

========================================= Stage hello [2] ==========================================

========================================= Stage hello [2] ==========================================
INPUTS: s_1_ignore_a_1.txt s_1_ignore_a_2.txt
INPUTS: s_2_ignore_b_1.txt s_2_ignore_b_2.txt
INPUTS: s_2_ignore_a_1.txt s_2_ignore_a_2.txt
INPUTS: s_1_ignore_b_1.txt s_1_ignore_b_2.txt

======================================== Pipeline Finished =========================================
MSG: Generated report /lustre/scratch112/sanger/cgppipe/canPipe/software/bpipe_git/tests/multiplesplitgroups/doc/index.html
10:37:29 MSG:  Finished at Fri Dec 05 10:37:29 GMT 2014
