====================================================================================================
|                              Starting Pipeline at 2014-12-05 10:39                               |
====================================================================================================

======================================== Stage hello [cat] =========================================

======================================== Stage hello [cat] =========================================

======================================== Stage hello [frog] ========================================

======================================== Stage hello [frog] ========================================

======================================== Stage world [frog] ========================================

======================================== Stage world [cat] =========================================

======================================== Stage world [frog] ========================================

======================================== Stage world [cat] =========================================

======================================== Stage make_report =========================================
MSG: Generated report /lustre/scratch112/sanger/cgppipe/canPipe/software/bpipe_git/tests/output_branch_report/.bpipe/reports/23504/10676.test.html

======================================== Pipeline Finished =========================================
MSG: Generated report /lustre/scratch112/sanger/cgppipe/canPipe/software/bpipe_git/tests/output_branch_report/doc/index.html
10:39:58 MSG:  Finished at Fri Dec 05 10:39:58 GMT 2014
10:39:59 MSG:  Outputs are: 
		test.frog.bar.hello.world.xml
		test.cat.foo.hello.world.xml
		test.frog.foo.hello.world.xml
		test.cat.bar.hello.world.xml
