====================================================================================================
|                              Starting Pipeline at 2014-12-05 10:38                               |
====================================================================================================

=========================================== Stage hello ============================================

=========================================== Stage world ============================================

======================================== Pipeline Finished =========================================
MSG: Generated report /lustre/scratch112/sanger/cgppipe/canPipe/software/bpipe_git/tests/abspath_preserve/doc/index.html
10:38:43 MSG:  Finished at Fri Dec 05 10:38:43 GMT 2014
10:38:44 MSG:  Output is foo.world.xml

No existing files were found as eligible outputs to clean up.

You may mark a file as disposable by using @intermediate annotations
in your Bpipe script.

